/Users/yinchuangsum/IdeaProjects/steve/src/test/java/de/rwth/idsg/steve/utils/__DatabasePreparer__.java
/Users/yinchuangsum/IdeaProjects/steve/src/test/java/de/rwth/idsg/steve/StressTest.java
/Users/yinchuangsum/IdeaProjects/steve/src/test/java/de/rwth/idsg/steve/issues/Issue72LowLevelSoap.java
/Users/yinchuangsum/IdeaProjects/steve/src/test/java/de/rwth/idsg/steve/TypeStoreTest.java
/Users/yinchuangsum/IdeaProjects/steve/src/test/java/de/rwth/idsg/steve/StressTestSoapOCPP16.java
/Users/yinchuangsum/IdeaProjects/steve/src/test/java/de/rwth/idsg/steve/utils/OcppJsonChargePoint.java
/Users/yinchuangsum/IdeaProjects/steve/src/test/java/de/rwth/idsg/steve/issues/Issue72.java
/Users/yinchuangsum/IdeaProjects/steve/src/test/java/de/rwth/idsg/steve/ApplicationTest.java
/Users/yinchuangsum/IdeaProjects/steve/src/test/java/de/rwth/idsg/steve/ApplicationJsonTest.java
/Users/yinchuangsum/IdeaProjects/steve/src/test/java/de/rwth/idsg/steve/utils/StressTester.java
/Users/yinchuangsum/IdeaProjects/steve/src/test/java/de/rwth/idsg/steve/StressTestJsonOCPP16.java
/Users/yinchuangsum/IdeaProjects/steve/src/test/java/de/rwth/idsg/steve/ocpp/OcppProtocolTest.java
/Users/yinchuangsum/IdeaProjects/steve/src/test/java/de/rwth/idsg/steve/utils/Helpers.java
/Users/yinchuangsum/IdeaProjects/steve/src/test/java/de/rwth/idsg/steve/issues/Issue73Fix.java
/Users/yinchuangsum/IdeaProjects/steve/src/test/java/de/rwth/idsg/steve/web/validation/IdTagValidatorTest.java
/Users/yinchuangsum/IdeaProjects/steve/src/test/java/de/rwth/idsg/steve/OperationalTestSoapOCPP16.java
/Users/yinchuangsum/IdeaProjects/steve/src/test/java/de/rwth/idsg/steve/issues/Issue81.java
/Users/yinchuangsum/IdeaProjects/steve/src/test/java/de/rwth/idsg/steve/utils/StringUtilsTest.java
